// Vitest Snapshot v1, https://vitest.dev/guide/snapshot.html

exports[`Slice > unregister > should console error when calling \`getState\` after unregistered 1`] = `
{
  "calls": [
    [
      "Calling unregistered slice "test"'s action dispatcher",
    ],
    [
      "Calling unregistered slice "test"'s action dispatcher",
    ],
  ],
  "results": [
    {
      "type": "return",
      "value": undefined,
    },
    {
      "type": "return",
      "value": undefined,
    },
  ],
}
`;

exports[`Slice > unregister > should console error when calling \`listen\` after unregistered 1`] = `
{
  "calls": [
    [
      "Calling unregistered slice "test"'s action dispatcher",
    ],
    [
      "Calling unregistered slice "test"'s action dispatcher",
    ],
  ],
  "results": [
    {
      "type": "return",
      "value": undefined,
    },
    {
      "type": "return",
      "value": undefined,
    },
  ],
}
`;

exports[`Slice > unregister > should console error when calling \`reducer\` after unregistered 1`] = `
{
  "calls": [
    [
      "Calling unregistered slice "test"'s action dispatcher",
    ],
    [
      "Calling unregistered slice "test"'s action dispatcher",
    ],
    [
      "Calling unregistered slice "test"'s action dispatcher",
    ],
    [
      "Calling unregistered slice "test"'s action dispatcher",
    ],
  ],
  "results": [
    {
      "type": "return",
      "value": undefined,
    },
    {
      "type": "return",
      "value": undefined,
    },
    {
      "type": "return",
      "value": undefined,
    },
    {
      "type": "return",
      "value": undefined,
    },
  ],
}
`;

exports[`Slice > unregister > should console error when calling \`setState\` after unregistered 1`] = `
{
  "calls": [
    [
      "Calling unregistered slice "test"'s action dispatcher",
    ],
  ],
  "results": [
    {
      "type": "return",
      "value": undefined,
    },
  ],
}
`;

exports[`Slice > unregister > should console error when calling \`subscribe\` after unregistered 1`] = `
{
  "calls": [
    [
      "Calling unregistered slice "test"'s action dispatcher",
    ],
  ],
  "results": [
    {
      "type": "return",
      "value": undefined,
    },
  ],
}
`;

exports[`Slice > unregister > should console error when calling action dispatcher after unregistered 1`] = `
{
  "calls": [
    [
      "Calling unregistered slice "test"'s action dispatcher",
    ],
  ],
  "results": [
    {
      "type": "return",
      "value": undefined,
    },
  ],
}
`;
